{
  "query": {
    "bool": {
      "filter": {
        "terms": {
          "level": [
            1
          ]
        }
      }
    }
  }
}