[
  {
    "id": "25",
    "slug": "backpacks-bags-wallets-accessories",
    "name": "Backpacks, Bags, Wallets \u0026 Accessories",
    "path": [
      "1",
      "3",
      "4",
      "25"
    ],
    "isActive": true,
    "level": 3,
    "parentId": "4",
    "children": null
  },
  {
    "id": "26",
    "slug": "shoes",
    "name": "Shoes",
    "path": [
      "1",
      "3",
      "4",
      "26"
    ],
    "isActive": true,
    "level": 3,
    "parentId": "4",
    "children": null
  }
]